reference-if-value=11
reference-if-null=0
reference-ne-value=11
reference-ne-null=0
reference-eq-value=11
reference-eq-null=0
handle-if-value=1
handle-if-null=0
handle-ne-value=1
handle-ne-null=0
handle-eq-value=1
handle-eq-null=0
boundary-if-value=1:31:47
boundary-if-null=0:6015:6016
boundary-ne-value=1:31:47
boundary-ne-null=0:6015:6016
boundary-eq-value=1:31:47
boundary-eq-null=0:6015:6016
