string:inner
string:outer
box:2
box:1
loop:0
loop:1
loop:outer
for:inner
for:outer
branch:inner
branch:outer
switch:inner
switch:outer
lambda:46
storage:inner-unmanaged:5
storage:outer-managed
storage:inner-managed
storage:outer-unmanaged:7
for-of-body:100
for-of-body:100
for-of-body:100
generator-block:inner
generator-block:outer
generator-switch:inner
generator-switch:outer
generator-for-of:inner:1
generator-for-of:outer
generator-for-of:outer
generator-for:inner
generator-for:outer
gen-for-of-body:100
gen-for-of-body:100
for-body:200
lambda-body:9
map-lambda:a10
constructor-body:11
method-body:12
accessor-body:13
accessor-result:13
using:inner
dispose:using
using:outer
generator-block:inner
generator-block:outer
generator-switch:inner
generator-switch:outer
generator-for-of:inner:1
generator-for-of:outer
generator-for-of:outer
generator-for:inner
generator-for:outer
async:inner
async:outer
