await:left:call=1
await:left:return=1
await:right:call=1
await:right:return=1
await:result=11,22
await:calls=1,1
composite:a
composite:b
array=4,9,7
method:receiver
composite:a
method=12
composite:a
composite:b
new=4,7
index:base
index:key
index=20
assign:value
field=5
assign:value
push=1,5
compound:value
compound=1,5
machinery:body
machinery:step
machinery:body
machinery:step
machinery:for=7,7:5
machinery:local
machinery:local=5
machinery:loop=15
machinery:loop=15
machinery:loop=15
machinery:assigned=6
machinery:inner=100
machinery:outer=6
machinery:map-set
machinery:map-set=one
machinery:set-add
machinery:set-add=true
machinery:set-has
machinery:set-has=true
machinery:index-of
machinery:index-of=1
machinery:str-slice
machinery:str-slice=el
machinery:math-left
machinery:math-right
machinery:math-max=9
machinery:map-get-key
machinery:map-get-default
machinery:map-get-or=one
machinery:fixed-first
machinery:fixed-last
machinery:fixed=1,2,3
machinery:switch-disc
machinery:switch-test-1
machinery:switch-test-2
machinery:switch=two
machinery:spread-tail
machinery:spread-tail=0,1,2,9
machinery:spread-head
machinery:spread-head=9,1,2
machinery:spread-await-only
machinery:spread-await-only=4,5,1
machinery:spread-await-after
machinery:spread-await-after=1,2,4,5
machinery:bytes-of-second
machinery:bytes-of=8
machinery:bytes-into-value
machinery:bytes-into-offset
machinery:bytes-into=1,2
machinery:from-bytes-source
machinery:from-bytes-offset
machinery:from-bytes=1,2
machinery:foreign-selector
machinery:foreign=2
machinery:descriptor-first
machinery:descriptor-second
machinery:descriptor=1,2,7
machinery:aggregate-new
machinery:aggregate-new=1,2
machinery:aggregate-call
machinery:aggregate-call=3,4
machinery:aggregate-fixed
machinery:aggregate-fixed=5,6
machinery:lambda-if=21
machinery:lambda-block=45
machinery:lambda-switch=24
machinery:lambda-reuse=20,300
s02control=10
s02=10
x01control=15
x01=15
P2=15
P1=3
P1fixed=true,true
P8=15
s01=3
lambda:before=15:managed:3
lambda:after=15:managed:3
await-for:before=2
await-for:after=2
await-for:before=4
await-for:after=4
await-for:before=6
await-for:after=6
yield-for:value=10
yield-for:value=12
yield-for:value=14
generators:turn=1,2
generators:function=3,4
rule1k:control=21
rule1k:apply:before:named
rule1k:apply:after:named=21
rule1k:p6=21
rule1k:apply:before:inline
rule1k:apply:after:inline=35
rule1k:p6b=35
rule1k:g1=0
rule1k:g2=21
rule1k:transitive:before=21
rule1k:transitive:after=21
rule1k:initializer:before=21
rule1k:initializer:after=21
rule1k:chain:control=18
rule1k:chain:after=18
call=31
fixed=13
indirect=31
ctor=10,20,1
lit=10,20
rule1l:return-call:start
rule1l:return-template:start
rule1l:break:start
rule1l:break:end
