named
map:2,5,8,11
filter:6,8
reduce:12591
reduceRight:21852
forEach:2:0
forEach:4:1
forEach:6:2
forEach:8:3
some:2:0
some:4:1
some:6:2
some-result:true
every:2:0
every:4:1
every:6:2
every:8:3
every-result:false
find:2
miss:-1
lambda
map:2,5,8,11
filter:6,8
reduce:12591
reduceRight:21852
forEach:2:0
forEach:4:1
forEach:6:2
forEach:8:3
some:2:0
some:4:1
some:6:2
some-result:true
every:2:0
every:4:1
every:6:2
every:8:3
every-result:false
find:2
miss:-1
value
map:2,5,8,11
filter:6,8
reduce:12591
reduceRight:21852
forEach:2:0
forEach:4:1
forEach:6:2
forEach:8:3
some:2:0
some:4:1
some:6:2
some-result:true
every:2:0
every:4:1
every:6:2
every:8:3
every-result:false
find:2
miss:-1
