chatter:start
unit:chatter
main:held
unit:direct
chatter:end
direct=1
unit:held
held:created
held=1
method:start
unit:method
method:created
method:end
method=20
generic-fn:start
unit:generic-fn
generic-fn:created
generic-fn:end
generic-fn=7
generic-method:start
unit:generic-method
generic-method:created
generic-method:end
generic-method=9
noise=5
