make:null:1
after:null:1
make:live:2
after:live:2
read:live
natural
dispose:live
annotated:body
make:first:3
make:hole:4
make:last:5
multi:body
dispose:last
dispose:first
make:outer:6
make:inner:null:7
make:inner:8
return:value
dispose:inner
dispose:outer
returned:7
make:loop:0:9
make:loop:null:10
continue
dispose:loop:0
make:loop:1:11
make:loop:null:12
break
dispose:loop:1
evaluations:12
